main.c:90:6:dec_to_7seg	16	static
main.c:187:6:HAL_ADC_ConvCpltCallback	16	static
main.c:191:6:number_to_digits	24	static
main.c:204:6:pwm_disp_select	16	static
main.c:235:6:pwm_display_multiplekser	8	static
main.c:261:6:HAL_TIM_PeriodElapsedCallback	16	static
main.c:272:6:inv_light_val_to_prc	16	static
main.c:276:6:HAL_UART_RxCpltCallback	24	static
main.c:299:6:calculate	4	static
main.c:327:6:HAL_GPIO_EXTI_Callback	16	static
main.c:362:5:main	8	static
main.c:424:6:SystemClock_Config	88	static
main.c:468:13:MX_ADC1_Init	24	static
main.c:518:13:MX_TIM3_Init	48	static
main.c:579:13:MX_TIM9_Init	24	static
main.c:617:13:MX_USART2_UART_Init	8	static
main.c:648:13:MX_DMA_Init	16	static
main.c:669:13:MX_GPIO_Init	48	static
main.c:725:6:Error_Handler	4	static
